
Memory Configuration

Name             Origin             Length             Attributes
vexriscv_debug   0x00000000f00f0000 0x0000000000000100
dff              0x0000000000000000 0x0000000000000400
dff2             0x0000000000000400 0x0000000000000200
flash            0x0000000010000000 0x0000000001000000
mprj             0x0000000030000000 0x0000000000100000
mprjram          0x0000000038000000 0x0000000000400000
hk               0x0000000026000000 0x0000000000100000
csr              0x00000000f0000000 0x0000000000010000
*default*        0x0000000000000000 0xffffffffffffffff

Linker script and memory map

                0x0000000000000000                __DYNAMIC = 0x0

.text           0x0000000010000000      0x6e8
                0x0000000010000000                _ftext = .
 *crt0*(.text)
 .text          0x0000000010000000      0x144 counter_la.elf-crt0_vex.o
                0x0000000010000000                _start
                0x0000000010000020                trap_entry
 *crt0*(.text)
 *(.text.isr)
 *(.text .stub .text.* .gnu.linkonce.t.*)
 .text          0x0000000010000144       0xb4 counter_la.elf-isr.o
                0x00000000100001a4                isr
 .text          0x00000000100001f8        0x0 counter_la.elf-adder.o
 .text          0x00000000100001f8      0x4f0 counter_la.elf-counter_la.o
                0x0000000010000230                putchar
                0x0000000010000298                print
                0x00000000100002ec                main
                0x00000000100006e8                _etext = .

.rela.dyn       0x00000000100006e8        0x0
 .rela.text     0x00000000100006e8        0x0 counter_la.elf-crt0_vex.o

.rodata         0x00000000100006e8        0x0
                0x00000000100006e8                . = ALIGN (0x8)
 *fill*         0x00000000100006e8        0x0 
                0x00000000100006e8                _frodata = .
 *(.rodata .rodata.* .gnu.linkonce.r.*)
 *(.rodata1)
                0x00000000100006e8                . = ALIGN (0x8)
                0x00000000100006e8                _erodata = .

.data           0x0000000000000000       0xa8 load address 0x00000000100006e8
                0x0000000000000000                . = ALIGN (0x8)
                0x0000000000000000                _fdata = .
 *(.data .data.* .gnu.linkonce.d.*)
 .data          0x0000000000000000        0x0 counter_la.elf-crt0_vex.o
 .data          0x0000000000000000        0x0 counter_la.elf-isr.o
 .data          0x0000000000000000       0xa8 counter_la.elf-adder.o
                0x0000000000000000                Number
                0x0000000000000028                A
                0x0000000000000068                B
 .data          0x00000000000000a8        0x0 counter_la.elf-counter_la.o
 *(.data1)
                0x00000000000000b0                _gp = ALIGN (0x10)
 *(.sdata .sdata.* .gnu.linkonce.s.*)
                0x00000000000000a8                . = ALIGN (0x8)
                0x00000000000000a8                _edata = .

.bss            0x00000000000000a8       0x48 load address 0x0000000010000790
                0x00000000000000a8                . = ALIGN (0x8)
                0x00000000000000a8                _fbss = .
 *(.dynsbss)
 *(.sbss .sbss.* .gnu.linkonce.sb.*)
 .sbss          0x00000000000000a8        0x2 counter_la.elf-isr.o
                0x00000000000000a8                flag
 *(.scommon)
 *(.dynbss)
 *(.bss .bss.* .gnu.linkonce.b.*)
 .bss           0x00000000000000aa        0x0 counter_la.elf-crt0_vex.o
 .bss           0x00000000000000aa        0x0 counter_la.elf-isr.o
 *fill*         0x00000000000000aa        0x2 
 .bss           0x00000000000000ac       0x40 counter_la.elf-adder.o
                0x00000000000000ac                result
 .bss           0x00000000000000ec        0x0 counter_la.elf-counter_la.o
 *(COMMON)
                0x00000000000000f0                . = ALIGN (0x8)
 *fill*         0x00000000000000ec        0x4 
                0x00000000000000f0                _ebss = .
                0x00000000000000f0                _end = .

.mprjram        0x0000000038000000      0x17c load address 0x0000000010000790
                0x0000000038000000                . = ALIGN (0x8)
                0x0000000038000000                _fsram = .
 .mprjram       0x0000000038000000      0x17c counter_la.elf-adder.o
                0x0000000038000000                adder
                0x0000000038000064                matmul
                0x0000000000000600                PROVIDE (_fstack = (ORIGIN (dff2) + LENGTH (dff2)))
                0x00000000100006e8                PROVIDE (_fdata_rom = LOADADDR (.data))
                [!provide]                        PROVIDE (_edata_rom = (LOADADDR (.data) + SIZEOF (.data)))
                0x000000003800017c                PROVIDE (_esram = (ORIGIN (mprjram) + SIZEOF (.mprjram)))
                0x0000000010000790                PROVIDE (_esram_rom = LOADADDR (.mprjram))
LOAD counter_la.elf-crt0_vex.o
LOAD counter_la.elf-isr.o
LOAD counter_la.elf-adder.o
LOAD counter_la.elf-counter_la.o
LOAD /opt/riscv/lib/gcc/riscv32-unknown-elf/12.1.0/libgcc.a
START GROUP
LOAD /opt/riscv/lib/gcc/riscv32-unknown-elf/12.1.0/../../../../riscv32-unknown-elf/lib/libc.a
LOAD /opt/riscv/lib/gcc/riscv32-unknown-elf/12.1.0/../../../../riscv32-unknown-elf/lib/libgloss.a
END GROUP
LOAD /opt/riscv/lib/gcc/riscv32-unknown-elf/12.1.0/libgcc.a
OUTPUT(counter_la.elf elf32-littleriscv)

.riscv.attributes
                0x0000000000000000       0x20
 .riscv.attributes
                0x0000000000000000       0x1e counter_la.elf-crt0_vex.o
 .riscv.attributes
                0x000000000000001e       0x20 counter_la.elf-isr.o
 .riscv.attributes
                0x000000000000003e       0x1c counter_la.elf-adder.o
 .riscv.attributes
                0x000000000000005a       0x1c counter_la.elf-counter_la.o

.comment        0x0000000000000000       0x1b
 .comment       0x0000000000000000       0x1b counter_la.elf-isr.o
                                         0x1c (size before relaxing)
 .comment       0x000000000000001b       0x1c counter_la.elf-adder.o
 .comment       0x000000000000001b       0x1c counter_la.elf-counter_la.o

.debug_line     0x0000000000000000      0x976
 .debug_line    0x0000000000000000      0x204 counter_la.elf-crt0_vex.o
 .debug_line    0x0000000000000204       0xd1 counter_la.elf-isr.o
 .debug_line    0x00000000000002d5      0x1f2 counter_la.elf-adder.o
 .debug_line    0x00000000000004c7      0x4af counter_la.elf-counter_la.o

.debug_line_str
                0x0000000000000000       0xee
 .debug_line_str
                0x0000000000000000       0x47 counter_la.elf-crt0_vex.o
 .debug_line_str
                0x0000000000000047       0x6b counter_la.elf-isr.o
                                         0xe0 (size before relaxing)
 .debug_line_str
                0x00000000000000b2       0x28 counter_la.elf-adder.o
                                         0xa1 (size before relaxing)
 .debug_line_str
                0x00000000000000da       0x14 counter_la.elf-counter_la.o
                                         0xe3 (size before relaxing)

.debug_info     0x0000000000000000      0x392
 .debug_info    0x0000000000000000       0x25 counter_la.elf-crt0_vex.o
 .debug_info    0x0000000000000025       0xed counter_la.elf-isr.o
 .debug_info    0x0000000000000112      0x14d counter_la.elf-adder.o
 .debug_info    0x000000000000025f      0x133 counter_la.elf-counter_la.o

.debug_abbrev   0x0000000000000000      0x283
 .debug_abbrev  0x0000000000000000       0x14 counter_la.elf-crt0_vex.o
 .debug_abbrev  0x0000000000000014       0xa9 counter_la.elf-isr.o
 .debug_abbrev  0x00000000000000bd       0xe1 counter_la.elf-adder.o
 .debug_abbrev  0x000000000000019e       0xe5 counter_la.elf-counter_la.o

.debug_aranges  0x0000000000000000       0x88
 .debug_aranges
                0x0000000000000000       0x20 counter_la.elf-crt0_vex.o
 .debug_aranges
                0x0000000000000020       0x20 counter_la.elf-isr.o
 .debug_aranges
                0x0000000000000040       0x28 counter_la.elf-adder.o
 .debug_aranges
                0x0000000000000068       0x20 counter_la.elf-counter_la.o

.debug_str      0x0000000000000000      0x188
 .debug_str     0x0000000000000000       0x53 counter_la.elf-crt0_vex.o
 .debug_str     0x0000000000000053       0xec counter_la.elf-isr.o
                                        0x125 (size before relaxing)
 .debug_str     0x000000000000013f       0x36 counter_la.elf-adder.o
                                         0x9a (size before relaxing)
 .debug_str     0x0000000000000175       0x13 counter_la.elf-counter_la.o
                                        0x125 (size before relaxing)

.debug_frame    0x0000000000000000      0x1cc
 .debug_frame   0x0000000000000000       0xa4 counter_la.elf-isr.o
 .debug_frame   0x00000000000000a4       0x58 counter_la.elf-adder.o
 .debug_frame   0x00000000000000fc       0xd0 counter_la.elf-counter_la.o

.debug_rnglists
                0x0000000000000000       0x1f
 .debug_rnglists
                0x0000000000000000       0x1f counter_la.elf-adder.o
